  Determining projects to restore...
  All projects are up-to-date for restore.
  ReadOtter.Shared -> C:\Users\Julian\source\repos\ReadOtter\ReadOtter.Shared\bin\Debug\net9.0\ReadOtter.Shared.dll

Build succeeded.
    0 Warning(s)
    0 Error(s)

Time Elapsed 00:00:01.19

Workload updates are available. Run `dotnet workload list` for more information.
